// Jest Snapshot v1, https://goo.gl/fbAQLP

exports[`<App /> renders and matches snapshot 1`] = `
<DocumentFragment>
  <div
    class="App"
    data-testid="app"
  >
    <img
      alt="nasa-logo"
      class="nasa-logo"
      data-testid="logo"
      src="https://cdn.cnn.com/cnnnext/dam/assets/200424060716-nasa-worm-logo.jpg"
    />
    <div
      class="search"
    >
      <form
        class="search-form"
      >
        <input
          class="search-input"
          data-testid="search-input"
          placeholder="Search for images"
          type="text"
        />
        <button
          class="search-btn"
          data-testid="search-btn"
          type="submit"
        >
          Go!
        </button>
      </form>
    </div>
    <div
      class="search-results"
    />
  </div>
</DocumentFragment>
`;
